
Allocating common symbols
Common symbol       size              file

AbWidgets           0x18              abmain.o

Memory Configuration

Name             Origin             Length             Attributes
*default*        0x00000000         0xffffffff

Linker script and memory map

TARGET(elf32-i386)
LOAD /x86/lib/crt1.o
LOAD /x86/lib/crti.o
LOAD /x86/lib/crtbegin.o
LOAD AboutDlg_Setup.o
LOAD Quit.o
LOAD abmain.o
LOAD /x86/usr/lib/libphexlib.so
LOAD /x86/usr/lib/libAp.so
LOAD /x86/usr/lib/libph.so
LOAD /x86/usr/lib/libphrender.so
LOAD /x86/lib/libm.so
LOAD /usr/lib/gcc-lib/ntox86/2.95.2/libgcc.a
LOAD /x86/lib/libc.so
LOAD /x86/lib/libc.a
LOAD /usr/lib/gcc-lib/ntox86/2.95.2/libgcc.a
LOAD /x86/lib/crtend.o
LOAD /x86/lib/crtn.o
                0x080480f4                .=(0x8048000+SIZEOF_HEADERS)

.interp         0x080480f4       0x14
 *(.interp)
 .interp        0x080480f4       0x14 /x86/lib/crtbegin.o

.note0          0x08048108        0x0

.hash           0x08048108       0xbc
 *(.hash)
 .hash          0x08048108       0xbc /x86/lib/crtbegin.o

.dynsym         0x080481c4      0x1c0
 *(.dynsym)
 .dynsym        0x080481c4      0x1c0 /x86/lib/crtbegin.o

.dynstr         0x08048384      0x141
 *(.dynstr)
 .dynstr        0x08048384      0x141 /x86/lib/crtbegin.o

.gnu.version    0x080484c6        0x0
 *(.gnu.version)

.gnu.version_d  0x080484c8        0x0
 *(.gnu.version_d)

.gnu.version_r  0x080484c8        0x0
 *(.gnu.version_r)

.rel.init
 *(.rel.init)

.rela.init
 *(.rela.init)

.rel.text
 *(.rel.text)
 *(.rel.text.*)
 *(.rel.gnu.linkonce.t*)

.rela.text
 *(.rela.text)
 *(.rela.text.*)
 *(.rela.gnu.linkonce.t*)

.rel.fini
 *(.rel.fini)

.rela.fini
 *(.rela.fini)

.rel.rodata
 *(.rel.rodata)
 *(.rel.rodata.*)
 *(.rel.gnu.linkonce.r*)

.rela.rodata
 *(.rela.rodata)
 *(.rela.rodata.*)
 *(.rela.gnu.linkonce.r*)

.rel.data
 *(.rel.data)
 *(.rel.data.*)
 *(.rel.gnu.linkonce.d*)

.rela.data
 *(.rela.data)
 *(.rela.data.*)
 *(.rela.gnu.linkonce.d*)

.rel.ctors
 *(.rel.ctors)

.rela.ctors
 *(.rela.ctors)

.rel.dtors
 *(.rel.dtors)

.rela.dtors
 *(.rela.dtors)

.rel.got
 *(.rel.got)

.rela.got
 *(.rela.got)

.rel.sdata
 *(.rel.sdata)
 *(.rel.sdata.*)
 *(.rel.gnu.linkonce.s*)

.rela.sdata
 *(.rela.sdata)
 *(.rela.sdata.*)
 *(.rela.gnu.linkonce.s*)

.rel.sbss
 *(.rel.sbss)

.rela.sbss
 *(.rela.sbss)

.rel.bss        0x080484c8       0x40
 *(.rel.bss)
 .rel.bss       0x080484c8       0x40 /x86/lib/crtbegin.o

.rela.bss
 *(.rela.bss)

.rel.plt        0x08048508       0x40
 *(.rel.plt)
 .rel.plt       0x08048508       0x40 /x86/lib/crtbegin.o

.rela.plt
 *(.rela.plt)

.init           0x08048548        0x8
 *(.init)
 .init          0x08048548        0x5 /x86/lib/crtend.o
 .init          0x0804854d        0x3 /x86/lib/crtn.o

.plt            0x08048550       0x90
 *(.plt)
 .plt           0x08048550       0x90 /x86/lib/crtbegin.o
                0x08048560                ApLinkWindow
                0x08048570                ApInitialize
                0x08048580                _PtSetResource
                0x08048590                PtExit
                0x080485a0                _init_libc
                0x080485b0                atexit
                0x080485c0                PtMainLoop
                0x080485d0                exit

.text           0x080485e0      0x1a4
                0x080485e0                _btext=.
 *(.text)
 .text          0x080485e0       0x5f /x86/lib/crt1.o
                0x080485e8                _start
 *fill*         0x0804863f        0x1 37008
 .text          0x08048640       0x52 /x86/lib/crtbegin.o
 *fill*         0x08048692        0x2 37008
 .text          0x08048694       0x2b AboutDlg_Setup.o
                0x08048694                AboutDlg_Setup
 *fill*         0x080486bf        0x1 37008
 .text          0x080486c0       0x16 Quit.o
                0x080486c0                Quit
 *fill*         0x080486d6        0x2 37008
 .text          0x080486d8       0x4e abmain.o
                0x080486d8                main
 *fill*         0x08048726        0x2 37008
 .text          0x08048728       0x5a /x86/lib/crtend.o
 *fill*         0x08048782        0x2 37008
 *(.text.*)
 *(.stub)
 *(.gnu.warning)
 *(.gnu.linkonce.t*)
                0x08048784                _etext=.
                0x08048784                PROVIDE (etext, .)

.fini           0x08048784        0x8
 *(.fini)
 .fini          0x08048784        0x5 /x86/lib/crtbegin.o
 .fini          0x08048789        0x3 /x86/lib/crtn.o

.rodata         0x0804878c      0x3ec
 *(.rodata)
 .rodata        0x0804878c        0x5 AboutDlg_Setup.o
 *fill*         0x08048791        0x3
 .rodata        0x08048794      0x3e4 abmain.o
                0x08048afc                ABN_File_Quit
                0x08048ad4                ABN_base
                0x08048ad8                ABN_base_File
                0x08048af8                ABN_File_Save_As
                0x08048af0                ABN_File_New
                0x08048b04                ABN_Help_About
                0x08048ae0                ABN_AboutDlg
                0x08048af4                ABN_File_Save
                0x08048a5f                ApOptions
                0x08048adc                ABN_base_Help
                0x08048aec                ABN_FileMenu
                0x08048ae8                ABN_AboutDone
                0x08048ae4                ABN_About_Version
                0x08048b00                ABN_HelpMenu
 *(.rodata.*)
 *(.gnu.linkonce.r*)

.rodata1
 *(.rodata1)
                0x08049b78                .=(ALIGN(0x1000)+(.&0xfff))

.data           0x08049b80      0x204
 *(.data)
 .data          0x08049b80        0x4 /x86/lib/crtbegin.o
 *fill*         0x08049b84       0x1c
 .data          0x08049ba0      0x1e0 abmain.o
                0x08049ba0                base
                0x08049bb4                AboutDlg
                0x08049d60                AbContext
                0x08049d20                HelpMenu
                0x08049ca0                FileMenu
 .data          0x08049d80        0x4 /x86/lib/crtend.o
 *(.data.*)
 *(.gnu.linkonce.d*)

.data1
 *(.data1)

.eh_frame
 *(.eh_frame)

.gcc_except_table
 *(.gcc_except_table)

.ctors          0x08049d84        0x8
 *crtbegin.o(.ctors)
 .ctors         0x08049d84        0x4 /x86/lib/crtbegin.o
 EXCLUDE_FILE ( *crtend.o)*(.ctors)
 *(SORT(.ctors.*))
 *(.ctors)
 .ctors         0x08049d88        0x4 /x86/lib/crtend.o

.dtors          0x08049d8c        0x8
 *crtbegin.o(.dtors)
 .dtors         0x08049d8c        0x4 /x86/lib/crtbegin.o
 EXCLUDE_FILE ( *crtend.o)*(.dtors)
 *(SORT(.dtors.*))
 *(.dtors)
 .dtors         0x08049d90        0x4 /x86/lib/crtend.o

.got            0x08049d94       0x2c
 *(.got.plt)
 .got.plt       0x08049d94       0x2c /x86/lib/crtbegin.o
                0x08049d94                _GLOBAL_OFFSET_TABLE_
 *(.got)

.dynamic        0x08049dc0       0xb0
 *(.dynamic)
 .dynamic       0x08049dc0       0xb0 /x86/lib/crtbegin.o
                0x08049dc0                _DYNAMIC

.sdata
 *(.sdata)
 *(.sdata.*)
 *(.gnu.linkonce.s.*)
                0x08049e70                _edata=.
                0x08049e70                PROVIDE (edata, .)
                0x08049e70                __bss_start=.

.sbss
 *(.dynsbss)
 *(.sbss)
 *(.sbss.*)
 *(.scommon)

.bss            0x08049e70       0x80
 *(.dynbss)
 .dynbss        0x08049e70       0x68 /x86/lib/crtbegin.o
                0x08049e70                errno
                0x08049e74                PtButton
                0x08049e78                PtMenu
                0x08049e7c                PtMenuBar
                0x08049e80                PtMenuButton
                0x08049e84                PtLabel
                0x08049e88                PtWindow
                0x08049e90                _Ap_
 *(.bss)
 *(.bss.*)
 *(COMMON)
 COMMON         0x08049ed8       0x18 abmain.o
                                  0x0 (size before relaxing)
                0x08049ed8                AbWidgets
                0x08049ef0                .=ALIGN(0x4)
                0x08049ef0                .=ALIGN(0x4)
                0x08049ef0                _end=.
                0x08049ef0                PROVIDE (end, .)

.stab
 *(.stab)

.stabstr
 *(.stabstr)

.stab.excl
 *(.stab.excl)

.stab.exclstr
 *(.stab.exclstr)

.stab.index
 *(.stab.index)

.stab.indexstr
 *(.stab.indexstr)

.comment        0x00000000       0xbe
 *(.comment)
 .comment       0x00000000       0x26 /x86/lib/crtbegin.o
 .comment       0x00000026       0x26 AboutDlg_Setup.o
 .comment       0x0000004c       0x26 Quit.o
 .comment       0x00000072       0x26 abmain.o
 .comment       0x00000098       0x26 /x86/lib/crtend.o

.debug
 *(.debug)

.line
 *(.line)

.debug_srcinfo
 *(.debug_srcinfo)

.debug_sfnames
 *(.debug_sfnames)

.debug_aranges
 *(.debug_aranges)

.debug_pubnames
 *(.debug_pubnames)

.debug_info
 *(.debug_info)

.debug_abbrev
 *(.debug_abbrev)

.debug_line
 *(.debug_line)

.debug_frame
 *(.debug_frame)

.debug_str
 *(.debug_str)

.debug_loc
 *(.debug_loc)

.debug_macinfo
 *(.debug_macinfo)

.debug_weaknames
 *(.debug_weaknames)

.debug_funcnames
 *(.debug_funcnames)

.debug_typenames
 *(.debug_typenames)

.debug_varnames
 *(.debug_varnames)
OUTPUT(Tutorial3 elf32-i386)

.note           0x00000000       0x64
 .note          0x00000000       0x14 /x86/lib/crtbegin.o
 .note          0x00000014       0x14 AboutDlg_Setup.o
 .note          0x00000028       0x14 Quit.o
 .note          0x0000003c       0x14 abmain.o
 .note          0x00000050       0x14 /x86/lib/crtend.o
