
Allocating common symbols
Common symbol       size              file

AbWidgets           0x30              abmain.o
Windows             0x14              NewWindow_Setup.o

Memory Configuration

Name             Origin             Length             Attributes
*default*        0x00000000         0xffffffff

Linker script and memory map

TARGET(elf32-i386)
LOAD /x86/lib/crt1.o
LOAD /x86/lib/crti.o
LOAD /x86/lib/crtbegin.o
LOAD AboutDlg_Setup.o
LOAD Color_Change.o
LOAD NewWindow_Close.o
LOAD NewWindow_Setup.o
LOAD Quit.o
LOAD abmain.o
LOAD /x86/usr/lib/libphexlib.so
LOAD /x86/usr/lib/libAp.so
LOAD /x86/usr/lib/libph.so
LOAD /x86/usr/lib/libphrender.so
LOAD /x86/lib/libm.so
LOAD /usr/lib/gcc-lib/ntox86/2.95.2/libgcc.a
LOAD /x86/lib/libc.so
LOAD /x86/lib/libc.a
LOAD /usr/lib/gcc-lib/ntox86/2.95.2/libgcc.a
LOAD /x86/lib/crtend.o
LOAD /x86/lib/crtn.o
                0x080480f4                .=(0x8048000+SIZEOF_HEADERS)

.interp         0x080480f4       0x14
 *(.interp)
 .interp        0x080480f4       0x14 /x86/lib/crtbegin.o

.note0          0x08048108        0x0

.hash           0x08048108       0xd0
 *(.hash)
 .hash          0x08048108       0xd0 /x86/lib/crtbegin.o

.dynsym         0x080481d8      0x210
 *(.dynsym)
 .dynsym        0x080481d8      0x210 /x86/lib/crtbegin.o

.dynstr         0x080483e8      0x174
 *(.dynstr)
 .dynstr        0x080483e8      0x174 /x86/lib/crtbegin.o

.gnu.version    0x0804855c        0x0
 *(.gnu.version)

.gnu.version_d  0x0804855c        0x0
 *(.gnu.version_d)

.gnu.version_r  0x0804855c        0x0
 *(.gnu.version_r)

.rel.init
 *(.rel.init)

.rela.init
 *(.rela.init)

.rel.text
 *(.rel.text)
 *(.rel.text.*)
 *(.rel.gnu.linkonce.t*)

.rela.text
 *(.rela.text)
 *(.rela.text.*)
 *(.rela.gnu.linkonce.t*)

.rel.fini
 *(.rel.fini)

.rela.fini
 *(.rela.fini)

.rel.rodata
 *(.rel.rodata)
 *(.rel.rodata.*)
 *(.rel.gnu.linkonce.r*)

.rela.rodata
 *(.rela.rodata)
 *(.rela.rodata.*)
 *(.rela.gnu.linkonce.r*)

.rel.data
 *(.rel.data)
 *(.rel.data.*)
 *(.rel.gnu.linkonce.d*)

.rela.data
 *(.rela.data)
 *(.rela.data.*)
 *(.rela.gnu.linkonce.d*)

.rel.ctors
 *(.rel.ctors)

.rela.ctors
 *(.rela.ctors)

.rel.dtors
 *(.rel.dtors)

.rela.dtors
 *(.rela.dtors)

.rel.got
 *(.rel.got)

.rela.got
 *(.rela.got)

.rel.sdata
 *(.rel.sdata)
 *(.rel.sdata.*)
 *(.rel.gnu.linkonce.s*)

.rela.sdata
 *(.rela.sdata)
 *(.rela.sdata.*)
 *(.rela.gnu.linkonce.s*)

.rel.sbss
 *(.rel.sbss)

.rela.sbss
 *(.rela.sbss)

.rel.bss        0x0804855c       0x48
 *(.rel.bss)
 .rel.bss       0x0804855c       0x48 /x86/lib/crtbegin.o

.rela.bss
 *(.rela.bss)

.rel.plt        0x080485a4       0x60
 *(.rel.plt)
 .rel.plt       0x080485a4       0x60 /x86/lib/crtbegin.o

.rela.plt
 *(.rela.plt)

.init           0x08048604        0x8
 *(.init)
 .init          0x08048604        0x5 /x86/lib/crtend.o
 .init          0x08048609        0x3 /x86/lib/crtn.o

.plt            0x0804860c       0xd0
 *(.plt)
 .plt           0x0804860c       0xd0 /x86/lib/crtbegin.o
                0x0804861c                ApLinkWindow
                0x0804862c                ApInitialize
                0x0804863c                _PtSetResource
                0x0804864c                PtExit
                0x0804865c                ApName
                0x0804866c                _init_libc
                0x0804867c                ApGetWidgetPtr
                0x0804868c                sprintf
                0x0804869c                atexit
                0x080486ac                PtMainLoop
                0x080486bc                exit
                0x080486cc                ApGetInstance

.text           0x080486dc      0x35c
                0x080486dc                _btext=.
 *(.text)
 .text          0x080486dc       0x5f /x86/lib/crt1.o
                0x080486e4                _start
 *fill*         0x0804873b        0x1 37008
 .text          0x0804873c       0x52 /x86/lib/crtbegin.o
 *fill*         0x0804878e        0x2 37008
 .text          0x08048790       0x2b AboutDlg_Setup.o
                0x08048790                AboutDlg_Setup
 *fill*         0x080487bb        0x1 37008
 .text          0x080487bc      0x150 Color_Change.o
                0x080487bc                Color_Change
 .text          0x0804890c        0x3 NewWindow_Close.o
                0x0804890c                NewWindow_Close
 *fill*         0x0804890f        0x1 37008
 .text          0x08048910       0x63 NewWindow_Setup.o
                0x08048910                NewWindow_Setup
 *fill*         0x08048973        0x1 37008
 .text          0x08048974       0x16 Quit.o
                0x08048974                Quit
 *fill*         0x0804898a        0x2 37008
 .text          0x0804898c       0x4e abmain.o
                0x0804898c                main
 *fill*         0x080489da        0x2 37008
 .text          0x080489dc       0x5a /x86/lib/crtend.o
 *fill*         0x08048a36        0x2 37008
 *(.text.*)
 *(.stub)
 *(.gnu.warning)
 *(.gnu.linkonce.t*)
                0x08048a38                _etext=.
                0x08048a38                PROVIDE (etext, .)

.fini           0x08048a38        0x8
 *(.fini)
 .fini          0x08048a38        0x5 /x86/lib/crtbegin.o
 .fini          0x08048a3d        0x3 /x86/lib/crtn.o

.rodata         0x08048a40      0x647
 *(.rodata)
 .rodata        0x08048a40        0x5 AboutDlg_Setup.o
 .rodata        0x08048a45        0xa NewWindow_Setup.o
 *fill*         0x08048a4f        0x1
 .rodata        0x08048a50      0x637 abmain.o
                0x08048fe8                ABN_ColorRect
                0x08048fd4                ABN_NewWindow
                0x08048ffc                ABN_File_Quit
                0x08048fbc                ABN_base
                0x08048fc0                ABN_base_File
                0x08048fdc                ABN_ButtonBlue
                0x08048ff8                ABN_File_Save_As
                0x08048ff0                ABN_File_New
                0x08049004                ABN_Help_About
                0x08048fc8                ABN_AboutDlg
                0x08048ff4                ABN_File_Save
                0x08048fe0                ABN_ButtonRed
                0x08048f3f                ApOptions
                0x08048fc4                ABN_base_Help
                0x08048fec                ABN_FileMenu
                0x08048fd0                ABN_AboutDone
                0x08048fd8                ABN_ButtonPrevious
                0x08048fcc                ABN_About_Version
                0x08049000                ABN_HelpMenu
                0x08048fe4                ABN_ButtonGreen
 *(.rodata.*)
 *(.gnu.linkonce.r*)

.rodata1
 *(.rodata1)
                0x0804a087                .=(ALIGN(0x1000)+(.&0xfff))

.data           0x0804a0a0      0x204
 *(.data)
 .data          0x0804a0a0        0x4 /x86/lib/crtbegin.o
 .data          0x0804a0a4       0x18 Color_Change.o
                0x0804a0a4                Colors
                0x0804a0b8                base_Color
 .data          0x0804a0bc        0x4 NewWindow_Setup.o
                0x0804a0bc                WindowCounter
 .data          0x0804a0c0      0x1e0 abmain.o
                0x0804a0c0                base
                0x0804a0d4                AboutDlg
                0x0804a0ec                NewWindow
                0x0804a280                AbContext
                0x0804a240                HelpMenu
                0x0804a1c0                FileMenu
 .data          0x0804a2a0        0x4 /x86/lib/crtend.o
 *(.data.*)
 *(.gnu.linkonce.d*)

.data1
 *(.data1)

.eh_frame
 *(.eh_frame)

.gcc_except_table
 *(.gcc_except_table)

.ctors          0x0804a2a4        0x8
 *crtbegin.o(.ctors)
 .ctors         0x0804a2a4        0x4 /x86/lib/crtbegin.o
 EXCLUDE_FILE ( *crtend.o)*(.ctors)
 *(SORT(.ctors.*))
 *(.ctors)
 .ctors         0x0804a2a8        0x4 /x86/lib/crtend.o

.dtors          0x0804a2ac        0x8
 *crtbegin.o(.dtors)
 .dtors         0x0804a2ac        0x4 /x86/lib/crtbegin.o
 EXCLUDE_FILE ( *crtend.o)*(.dtors)
 *(SORT(.dtors.*))
 *(.dtors)
 .dtors         0x0804a2b0        0x4 /x86/lib/crtend.o

.got            0x0804a2b4       0x3c
 *(.got.plt)
 .got.plt       0x0804a2b4       0x3c /x86/lib/crtbegin.o
                0x0804a2b4                _GLOBAL_OFFSET_TABLE_
 *(.got)

.dynamic        0x0804a2f0       0xb0
 *(.dynamic)
 .dynamic       0x0804a2f0       0xb0 /x86/lib/crtbegin.o
                0x0804a2f0                _DYNAMIC

.sdata
 *(.sdata)
 *(.sdata.*)
 *(.gnu.linkonce.s.*)
                0x0804a3a0                _edata=.
                0x0804a3a0                PROVIDE (edata, .)
                0x0804a3a0                __bss_start=.

.sbss
 *(.dynsbss)
 *(.sbss)
 *(.sbss.*)
 *(.scommon)

.bss            0x0804a3a0       0xb0
 *(.dynbss)
 .dynbss        0x0804a3a0       0x68 /x86/lib/crtbegin.o
                0x0804a3a0                errno
                0x0804a3a4                PtButton
                0x0804a3a8                PtMenu
                0x0804a3ac                PtRect
                0x0804a3b0                PtMenuBar
                0x0804a3b4                PtMenuButton
                0x0804a3b8                PtLabel
                0x0804a3bc                PtWindow
                0x0804a3c0                _Ap_
 *(.bss)
 *(.bss.*)
 *(COMMON)
 COMMON         0x0804a408       0x14 NewWindow_Setup.o
                                  0x0 (size before relaxing)
                0x0804a408                Windows
 *fill*         0x0804a41c        0x4
 COMMON         0x0804a420       0x30 abmain.o
                                  0x0 (size before relaxing)
                0x0804a420                AbWidgets
                0x0804a450                .=ALIGN(0x4)
                0x0804a450                .=ALIGN(0x4)
                0x0804a450                _end=.
                0x0804a450                PROVIDE (end, .)

.stab
 *(.stab)

.stabstr
 *(.stabstr)

.stab.excl
 *(.stab.excl)

.stab.exclstr
 *(.stab.exclstr)

.stab.index
 *(.stab.index)

.stab.indexstr
 *(.stab.indexstr)

.comment        0x00000000      0x130
 *(.comment)
 .comment       0x00000000       0x26 /x86/lib/crtbegin.o
 .comment       0x00000026       0x26 AboutDlg_Setup.o
 .comment       0x0000004c       0x26 Color_Change.o
 .comment       0x00000072       0x26 NewWindow_Close.o
 .comment       0x00000098       0x26 NewWindow_Setup.o
 .comment       0x000000be       0x26 Quit.o
 .comment       0x000000e4       0x26 abmain.o
 .comment       0x0000010a       0x26 /x86/lib/crtend.o

.debug
 *(.debug)

.line
 *(.line)

.debug_srcinfo
 *(.debug_srcinfo)

.debug_sfnames
 *(.debug_sfnames)

.debug_aranges
 *(.debug_aranges)

.debug_pubnames
 *(.debug_pubnames)

.debug_info
 *(.debug_info)

.debug_abbrev
 *(.debug_abbrev)

.debug_line
 *(.debug_line)

.debug_frame
 *(.debug_frame)

.debug_str
 *(.debug_str)

.debug_loc
 *(.debug_loc)

.debug_macinfo
 *(.debug_macinfo)

.debug_weaknames
 *(.debug_weaknames)

.debug_funcnames
 *(.debug_funcnames)

.debug_typenames
 *(.debug_typenames)

.debug_varnames
 *(.debug_varnames)
OUTPUT(Tutorial3 elf32-i386)

.note           0x00000000       0xa0
 .note          0x00000000       0x14 /x86/lib/crtbegin.o
 .note          0x00000014       0x14 AboutDlg_Setup.o
 .note          0x00000028       0x14 Color_Change.o
 .note          0x0000003c       0x14 NewWindow_Close.o
 .note          0x00000050       0x14 NewWindow_Setup.o
 .note          0x00000064       0x14 Quit.o
 .note          0x00000078       0x14 abmain.o
 .note          0x0000008c       0x14 /x86/lib/crtend.o
