
Allocating common symbols
Common symbol       size              file

AbWidgets           0xc               abmain.o

Memory Configuration

Name             Origin             Length             Attributes
*default*        0x00000000         0xffffffff

Linker script and memory map

TARGET(elf32-i386)
LOAD /x86/lib/crt1.o
LOAD /x86/lib/crti.o
LOAD /x86/lib/crtbegin.o
LOAD Quit.o
LOAD abmain.o
LOAD /x86/usr/lib/libphexlib.so
LOAD /x86/usr/lib/libAp.so
LOAD /x86/usr/lib/libph.so
LOAD /x86/usr/lib/libphrender.so
LOAD /x86/lib/libm.so
LOAD /usr/lib/gcc-lib/ntox86/2.95.2/libgcc.a
LOAD /x86/lib/libc.so
LOAD /x86/lib/libc.a
LOAD /usr/lib/gcc-lib/ntox86/2.95.2/libgcc.a
LOAD /x86/lib/crtend.o
LOAD /x86/lib/crtn.o
                0x080480f4                .=(0x8048000+SIZEOF_HEADERS)

.interp         0x080480f4       0x14
 *(.interp)
 .interp        0x080480f4       0x14 /x86/lib/crtbegin.o

.note0          0x08048108        0x0

.hash           0x08048108       0xb0
 *(.hash)
 .hash          0x08048108       0xb0 /x86/lib/crtbegin.o

.dynsym         0x080481b8      0x190
 *(.dynsym)
 .dynsym        0x080481b8      0x190 /x86/lib/crtbegin.o

.dynstr         0x08048348      0x121
 *(.dynstr)
 .dynstr        0x08048348      0x121 /x86/lib/crtbegin.o

.gnu.version    0x0804846a        0x0
 *(.gnu.version)

.gnu.version_d  0x0804846c        0x0
 *(.gnu.version_d)

.gnu.version_r  0x0804846c        0x0
 *(.gnu.version_r)

.rel.init
 *(.rel.init)

.rela.init
 *(.rela.init)

.rel.text
 *(.rel.text)
 *(.rel.text.*)
 *(.rel.gnu.linkonce.t*)

.rela.text
 *(.rela.text)
 *(.rela.text.*)
 *(.rela.gnu.linkonce.t*)

.rel.fini
 *(.rel.fini)

.rela.fini
 *(.rela.fini)

.rel.rodata
 *(.rel.rodata)
 *(.rel.rodata.*)
 *(.rel.gnu.linkonce.r*)

.rela.rodata
 *(.rela.rodata)
 *(.rela.rodata.*)
 *(.rela.gnu.linkonce.r*)

.rel.data
 *(.rel.data)
 *(.rel.data.*)
 *(.rel.gnu.linkonce.d*)

.rela.data
 *(.rela.data)
 *(.rela.data.*)
 *(.rela.gnu.linkonce.d*)

.rel.ctors
 *(.rel.ctors)

.rela.ctors
 *(.rela.ctors)

.rel.dtors
 *(.rel.dtors)

.rela.dtors
 *(.rela.dtors)

.rel.got
 *(.rel.got)

.rela.got
 *(.rela.got)

.rel.sdata
 *(.rel.sdata)
 *(.rel.sdata.*)
 *(.rel.gnu.linkonce.s*)

.rela.sdata
 *(.rela.sdata)
 *(.rela.sdata.*)
 *(.rela.gnu.linkonce.s*)

.rel.sbss
 *(.rel.sbss)

.rela.sbss
 *(.rela.sbss)

.rel.bss        0x0804846c       0x30
 *(.rel.bss)
 .rel.bss       0x0804846c       0x30 /x86/lib/crtbegin.o

.rela.bss
 *(.rela.bss)

.rel.plt        0x0804849c       0x38
 *(.rel.plt)
 .rel.plt       0x0804849c       0x38 /x86/lib/crtbegin.o

.rela.plt
 *(.rela.plt)

.init           0x080484d4        0x8
 *(.init)
 .init          0x080484d4        0x5 /x86/lib/crtend.o
 .init          0x080484d9        0x3 /x86/lib/crtn.o

.plt            0x080484dc       0x80
 *(.plt)
 .plt           0x080484dc       0x80 /x86/lib/crtbegin.o
                0x080484ec                ApLinkWindow
                0x080484fc                ApInitialize
                0x0804850c                PtExit
                0x0804851c                _init_libc
                0x0804852c                atexit
                0x0804853c                PtMainLoop
                0x0804854c                exit

.text           0x0804855c      0x178
                0x0804855c                _btext=.
 *(.text)
 .text          0x0804855c       0x5f /x86/lib/crt1.o
                0x08048564                _start
 *fill*         0x080485bb        0x1 37008
 .text          0x080485bc       0x52 /x86/lib/crtbegin.o
 *fill*         0x0804860e        0x2 37008
 .text          0x08048610       0x16 Quit.o
                0x08048610                Quit
 *fill*         0x08048626        0x2 37008
 .text          0x08048628       0x4e abmain.o
                0x08048628                main
 *fill*         0x08048676        0x2 37008
 .text          0x08048678       0x5a /x86/lib/crtend.o
 *fill*         0x080486d2        0x2 37008
 *(.text.*)
 *(.stub)
 *(.gnu.warning)
 *(.gnu.linkonce.t*)
                0x080486d4                _etext=.
                0x080486d4                PROVIDE (etext, .)

.fini           0x080486d4        0x8
 *(.fini)
 .fini          0x080486d4        0x5 /x86/lib/crtbegin.o
 .fini          0x080486d9        0x3 /x86/lib/crtn.o

.rodata         0x080486dc      0x2ab
 *(.rodata)
 .rodata        0x080486dc      0x2ab abmain.o
                0x0804892c                ABN_File_Quit
                0x08048910                ABN_base
                0x08048914                ABN_base_File
                0x08048928                ABN_File_Save_As
                0x08048920                ABN_File_New
                0x08048934                ABN_Help_About
                0x08048924                ABN_File_Save
                0x0804889e                ApOptions
                0x08048918                ABN_base_Help
                0x0804891c                ABN_FileMenu
                0x08048930                ABN_HelpMenu
 *(.rodata.*)
 *(.gnu.linkonce.r*)

.rodata1
 *(.rodata1)
                0x08049987                .=(ALIGN(0x1000)+(.&0xfff))

.data           0x080499a0      0x1e4
 *(.data)
 .data          0x080499a0        0x4 /x86/lib/crtbegin.o
 *fill*         0x080499a4       0x1c
 .data          0x080499c0      0x1c0 abmain.o
                0x080499c0                base
                0x08049b60                AbContext
                0x08049b20                HelpMenu
                0x08049aa0                FileMenu
 .data          0x08049b80        0x4 /x86/lib/crtend.o
 *(.data.*)
 *(.gnu.linkonce.d*)

.data1
 *(.data1)

.eh_frame
 *(.eh_frame)

.gcc_except_table
 *(.gcc_except_table)

.ctors          0x08049b84        0x8
 *crtbegin.o(.ctors)
 .ctors         0x08049b84        0x4 /x86/lib/crtbegin.o
 EXCLUDE_FILE ( *crtend.o)*(.ctors)
 *(SORT(.ctors.*))
 *(.ctors)
 .ctors         0x08049b88        0x4 /x86/lib/crtend.o

.dtors          0x08049b8c        0x8
 *crtbegin.o(.dtors)
 .dtors         0x08049b8c        0x4 /x86/lib/crtbegin.o
 EXCLUDE_FILE ( *crtend.o)*(.dtors)
 *(SORT(.dtors.*))
 *(.dtors)
 .dtors         0x08049b90        0x4 /x86/lib/crtend.o

.got            0x08049b94       0x28
 *(.got.plt)
 .got.plt       0x08049b94       0x28 /x86/lib/crtbegin.o
                0x08049b94                _GLOBAL_OFFSET_TABLE_
 *(.got)

.dynamic        0x08049bbc       0xb0
 *(.dynamic)
 .dynamic       0x08049bbc       0xb0 /x86/lib/crtbegin.o
                0x08049bbc                _DYNAMIC

.sdata
 *(.sdata)
 *(.sdata.*)
 *(.gnu.linkonce.s.*)
                0x08049c6c                _edata=.
                0x08049c6c                PROVIDE (edata, .)
                0x08049c6c                __bss_start=.

.sbss
 *(.dynsbss)
 *(.sbss)
 *(.sbss.*)
 *(.scommon)

.bss            0x08049c6c       0x70
 *(.dynbss)
 *fill*         0x08049c6c        0x4
 .dynbss        0x08049c70       0x60 /x86/lib/crtbegin.o
                0x08049c70                errno
                0x08049c74                PtMenu
                0x08049c78                PtMenuBar
                0x08049c7c                PtMenuButton
                0x08049c80                PtWindow
                0x08049c88                _Ap_
 *(.bss)
 *(.bss.*)
 *(COMMON)
 COMMON         0x08049cd0        0xc abmain.o
                                  0x0 (size before relaxing)
                0x08049cd0                AbWidgets
                0x08049cdc                .=ALIGN(0x4)
                0x08049cdc                .=ALIGN(0x4)
                0x08049cdc                _end=.
                0x08049cdc                PROVIDE (end, .)

.stab
 *(.stab)

.stabstr
 *(.stabstr)

.stab.excl
 *(.stab.excl)

.stab.exclstr
 *(.stab.exclstr)

.stab.index
 *(.stab.index)

.stab.indexstr
 *(.stab.indexstr)

.comment        0x00000000       0x98
 *(.comment)
 .comment       0x00000000       0x26 /x86/lib/crtbegin.o
 .comment       0x00000026       0x26 Quit.o
 .comment       0x0000004c       0x26 abmain.o
 .comment       0x00000072       0x26 /x86/lib/crtend.o

.debug
 *(.debug)

.line
 *(.line)

.debug_srcinfo
 *(.debug_srcinfo)

.debug_sfnames
 *(.debug_sfnames)

.debug_aranges
 *(.debug_aranges)

.debug_pubnames
 *(.debug_pubnames)

.debug_info
 *(.debug_info)

.debug_abbrev
 *(.debug_abbrev)

.debug_line
 *(.debug_line)

.debug_frame
 *(.debug_frame)

.debug_str
 *(.debug_str)

.debug_loc
 *(.debug_loc)

.debug_macinfo
 *(.debug_macinfo)

.debug_weaknames
 *(.debug_weaknames)

.debug_funcnames
 *(.debug_funcnames)

.debug_typenames
 *(.debug_typenames)

.debug_varnames
 *(.debug_varnames)
OUTPUT(Tutorial3 elf32-i386)

.note           0x00000000       0x50
 .note          0x00000000       0x14 /x86/lib/crtbegin.o
 .note          0x00000014       0x14 Quit.o
 .note          0x00000028       0x14 abmain.o
 .note          0x0000003c       0x14 /x86/lib/crtend.o
