
Allocating common symbols
Common symbol       size              file

AbWidgets           0x4               abmain.o

Memory Configuration

Name             Origin             Length             Attributes
*default*        0x00000000         0xffffffff

Linker script and memory map

TARGET(elf32-i386)
LOAD /x86/lib/crt1.o
LOAD /x86/lib/crti.o
LOAD /x86/lib/crtbegin.o
LOAD abmain.o
LOAD /x86/usr/lib/libphexlib.so
LOAD /x86/usr/lib/libAp.so
LOAD /x86/usr/lib/libph.so
LOAD /x86/usr/lib/libphrender.so
LOAD /x86/lib/libm.so
LOAD /usr/lib/gcc-lib/ntox86/2.95.2/libgcc.a
LOAD /x86/lib/libc.so
LOAD /x86/lib/libc.a
LOAD /usr/lib/gcc-lib/ntox86/2.95.2/libgcc.a
LOAD /x86/lib/crtend.o
LOAD /x86/lib/crtn.o
                0x080480f4                .=(0x8048000+SIZEOF_HEADERS)

.interp         0x080480f4       0x14
 *(.interp)
 .interp        0x080480f4       0x14 /x86/lib/crtbegin.o

.note0          0x08048108        0x0

.hash           0x08048108       0xa8
 *(.hash)
 .hash          0x08048108       0xa8 /x86/lib/crtbegin.o

.dynsym         0x080481b0      0x170
 *(.dynsym)
 .dynsym        0x080481b0      0x170 /x86/lib/crtbegin.o

.dynstr         0x08048320      0x10b
 *(.dynstr)
 .dynstr        0x08048320      0x10b /x86/lib/crtbegin.o

.gnu.version    0x0804842c        0x0
 *(.gnu.version)

.gnu.version_d  0x0804842c        0x0
 *(.gnu.version_d)

.gnu.version_r  0x0804842c        0x0
 *(.gnu.version_r)

.rel.init
 *(.rel.init)

.rela.init
 *(.rela.init)

.rel.text
 *(.rel.text)
 *(.rel.text.*)
 *(.rel.gnu.linkonce.t*)

.rela.text
 *(.rela.text)
 *(.rela.text.*)
 *(.rela.gnu.linkonce.t*)

.rel.fini
 *(.rel.fini)

.rela.fini
 *(.rela.fini)

.rel.rodata
 *(.rel.rodata)
 *(.rel.rodata.*)
 *(.rel.gnu.linkonce.r*)

.rela.rodata
 *(.rela.rodata)
 *(.rela.rodata.*)
 *(.rela.gnu.linkonce.r*)

.rel.data
 *(.rel.data)
 *(.rel.data.*)
 *(.rel.gnu.linkonce.d*)

.rela.data
 *(.rela.data)
 *(.rela.data.*)
 *(.rela.gnu.linkonce.d*)

.rel.ctors
 *(.rel.ctors)

.rela.ctors
 *(.rela.ctors)

.rel.dtors
 *(.rel.dtors)

.rela.dtors
 *(.rela.dtors)

.rel.got
 *(.rel.got)

.rela.got
 *(.rela.got)

.rel.sdata
 *(.rel.sdata)
 *(.rel.sdata.*)
 *(.rel.gnu.linkonce.s*)

.rela.sdata
 *(.rela.sdata)
 *(.rela.sdata.*)
 *(.rela.gnu.linkonce.s*)

.rel.sbss
 *(.rel.sbss)

.rela.sbss
 *(.rela.sbss)

.rel.bss        0x0804842c       0x20
 *(.rel.bss)
 .rel.bss       0x0804842c       0x20 /x86/lib/crtbegin.o

.rela.bss
 *(.rela.bss)

.rel.plt        0x0804844c       0x38
 *(.rel.plt)
 .rel.plt       0x0804844c       0x38 /x86/lib/crtbegin.o

.rela.plt
 *(.rela.plt)

.init           0x08048484        0x8
 *(.init)
 .init          0x08048484        0x5 /x86/lib/crtend.o
 .init          0x08048489        0x3 /x86/lib/crtn.o

.plt            0x0804848c       0x80
 *(.plt)
 .plt           0x0804848c       0x80 /x86/lib/crtbegin.o
                0x0804849c                ApLinkWindow
                0x080484ac                ApInitialize
                0x080484bc                PtExit
                0x080484cc                _init_libc
                0x080484dc                atexit
                0x080484ec                PtMainLoop
                0x080484fc                exit

.text           0x0804850c      0x160
                0x0804850c                _btext=.
 *(.text)
 .text          0x0804850c       0x5f /x86/lib/crt1.o
                0x08048514                _start
 *fill*         0x0804856b        0x1 37008
 .text          0x0804856c       0x52 /x86/lib/crtbegin.o
 *fill*         0x080485be        0x2 37008
 .text          0x080485c0       0x4e abmain.o
                0x080485c0                main
 *fill*         0x0804860e        0x2 37008
 .text          0x08048610       0x5a /x86/lib/crtend.o
 *fill*         0x0804866a        0x2 37008
 *(.text.*)
 *(.stub)
 *(.gnu.warning)
 *(.gnu.linkonce.t*)
                0x0804866c                _etext=.
                0x0804866c                PROVIDE (etext, .)

.fini           0x0804866c        0x8
 *(.fini)
 .fini          0x0804866c        0x5 /x86/lib/crtbegin.o
 .fini          0x08048671        0x3 /x86/lib/crtn.o

.rodata         0x08048674       0xbd
 *(.rodata)
 .rodata        0x08048674       0xbd abmain.o
                0x08048704                ABN_base
                0x080486ec                ApOptions
 *(.rodata.*)
 *(.gnu.linkonce.r*)

.rodata1
 *(.rodata1)
                0x08049731                .=(ALIGN(0x1000)+(.&0xfff))

.data           0x08049740       0x64
 *(.data)
 .data          0x08049740        0x4 /x86/lib/crtbegin.o
 *fill*         0x08049744       0x1c
 .data          0x08049760       0x40 abmain.o
                0x08049760                base
                0x08049780                AbContext
 .data          0x080497a0        0x4 /x86/lib/crtend.o
 *(.data.*)
 *(.gnu.linkonce.d*)

.data1
 *(.data1)

.eh_frame
 *(.eh_frame)

.gcc_except_table
 *(.gcc_except_table)

.ctors          0x080497a4        0x8
 *crtbegin.o(.ctors)
 .ctors         0x080497a4        0x4 /x86/lib/crtbegin.o
 EXCLUDE_FILE ( *crtend.o)*(.ctors)
 *(SORT(.ctors.*))
 *(.ctors)
 .ctors         0x080497a8        0x4 /x86/lib/crtend.o

.dtors          0x080497ac        0x8
 *crtbegin.o(.dtors)
 .dtors         0x080497ac        0x4 /x86/lib/crtbegin.o
 EXCLUDE_FILE ( *crtend.o)*(.dtors)
 *(SORT(.dtors.*))
 *(.dtors)
 .dtors         0x080497b0        0x4 /x86/lib/crtend.o

.got            0x080497b4       0x28
 *(.got.plt)
 .got.plt       0x080497b4       0x28 /x86/lib/crtbegin.o
                0x080497b4                _GLOBAL_OFFSET_TABLE_
 *(.got)

.dynamic        0x080497dc       0xb0
 *(.dynamic)
 .dynamic       0x080497dc       0xb0 /x86/lib/crtbegin.o
                0x080497dc                _DYNAMIC

.sdata
 *(.sdata)
 *(.sdata.*)
 *(.gnu.linkonce.s.*)
                0x0804988c                _edata=.
                0x0804988c                PROVIDE (edata, .)
                0x0804988c                __bss_start=.

.sbss
 *(.dynsbss)
 *(.sbss)
 *(.sbss.*)
 *(.scommon)

.bss            0x0804988c       0x60
 *(.dynbss)
 *fill*         0x0804988c        0x4
 .dynbss        0x08049890       0x58 /x86/lib/crtbegin.o
                0x08049890                errno
                0x08049894                PtLabel
                0x08049898                PtWindow
                0x080498a0                _Ap_
 *(.bss)
 *(.bss.*)
 *(COMMON)
 COMMON         0x080498e8        0x4 abmain.o
                                  0x0 (size before relaxing)
                0x080498e8                AbWidgets
                0x080498ec                .=ALIGN(0x4)
                0x080498ec                .=ALIGN(0x4)
                0x080498ec                _end=.
                0x080498ec                PROVIDE (end, .)

.stab
 *(.stab)

.stabstr
 *(.stabstr)

.stab.excl
 *(.stab.excl)

.stab.exclstr
 *(.stab.exclstr)

.stab.index
 *(.stab.index)

.stab.indexstr
 *(.stab.indexstr)

.comment        0x00000000       0x72
 *(.comment)
 .comment       0x00000000       0x26 /x86/lib/crtbegin.o
 .comment       0x00000026       0x26 abmain.o
 .comment       0x0000004c       0x26 /x86/lib/crtend.o

.debug
 *(.debug)

.line
 *(.line)

.debug_srcinfo
 *(.debug_srcinfo)

.debug_sfnames
 *(.debug_sfnames)

.debug_aranges
 *(.debug_aranges)

.debug_pubnames
 *(.debug_pubnames)

.debug_info
 *(.debug_info)

.debug_abbrev
 *(.debug_abbrev)

.debug_line
 *(.debug_line)

.debug_frame
 *(.debug_frame)

.debug_str
 *(.debug_str)

.debug_loc
 *(.debug_loc)

.debug_macinfo
 *(.debug_macinfo)

.debug_weaknames
 *(.debug_weaknames)

.debug_funcnames
 *(.debug_funcnames)

.debug_typenames
 *(.debug_typenames)

.debug_varnames
 *(.debug_varnames)
OUTPUT(Hello_World elf32-i386)

.note           0x00000000       0x3c
 .note          0x00000000       0x14 /x86/lib/crtbegin.o
 .note          0x00000014       0x14 abmain.o
 .note          0x00000028       0x14 /x86/lib/crtend.o
