Archive member included       because of file (symbol)

/x86/lib/libc.a(slog.o)       /x86/usr/lib/libphrender.so (slogf)

Memory Configuration

Name             Origin             Length             Attributes
*default*        0x00000000         0xffffffff

Linker script and memory map

TARGET(elf32-i386)
LOAD /x86/lib/crt1.o
LOAD /x86/lib/crti.o
LOAD /usr/lib/gcc-lib/ntox86/2.95.3/crtbeginC++.o
LOAD Callbacks.o
LOAD abmain.o
LOAD /x86/usr/lib/libphexlib.so
LOAD /x86/usr/lib/libAp.so
LOAD /x86/usr/lib/libph.so
LOAD /x86/usr/lib/libphrender.so
LOAD /x86/lib/libm.so
LOAD /x86/lib/libstdc++.so
LOAD /x86/lib/libm.so
LOAD /usr/lib/gcc-lib/ntox86/2.95.3/exceptions/libgcc.a
LOAD /x86/lib/libc.so
LOAD /x86/lib/libc.a
LOAD /usr/lib/gcc-lib/ntox86/2.95.3/exceptions/libgcc.a
LOAD /usr/lib/gcc-lib/ntox86/2.95.3/crtendC++.o
LOAD /x86/lib/crtn.o
                0x080480f4                .=(0x8048000+SIZEOF_HEADERS)

.interp         0x080480f4       0x14
 *(.interp)
 .interp        0x080480f4       0x14 /usr/lib/gcc-lib/ntox86/2.95.3/crtbeginC++.o

.note0          0x08048108        0x0

.hash           0x08048108      0x148
 *(.hash)
 .hash          0x08048108      0x148 /usr/lib/gcc-lib/ntox86/2.95.3/crtbeginC++.o

.dynsym         0x08048250      0x2b0
 *(.dynsym)
 .dynsym        0x08048250      0x2b0 /usr/lib/gcc-lib/ntox86/2.95.3/crtbeginC++.o

.dynstr         0x08048500      0x204
 *(.dynstr)
 .dynstr        0x08048500      0x204 /usr/lib/gcc-lib/ntox86/2.95.3/crtbeginC++.o

.gnu.version    0x08048704        0x0
 *(.gnu.version)

.gnu.version_d  0x08048704        0x0
 *(.gnu.version_d)

.gnu.version_r  0x08048704        0x0
 *(.gnu.version_r)

.rel.init
 *(.rel.init)

.rela.init
 *(.rela.init)

.rel.text
 *(.rel.text)
 *(.rel.text.*)
 *(.rel.gnu.linkonce.t*)

.rela.text
 *(.rela.text)
 *(.rela.text.*)
 *(.rela.gnu.linkonce.t*)

.rel.fini
 *(.rel.fini)

.rela.fini
 *(.rela.fini)

.rel.rodata
 *(.rel.rodata)
 *(.rel.rodata.*)
 *(.rel.gnu.linkonce.r*)

.rela.rodata
 *(.rela.rodata)
 *(.rela.rodata.*)
 *(.rela.gnu.linkonce.r*)

.rel.data
 *(.rel.data)
 *(.rel.data.*)
 *(.rel.gnu.linkonce.d*)

.rela.data
 *(.rela.data)
 *(.rela.data.*)
 *(.rela.gnu.linkonce.d*)

.rel.ctors
 *(.rel.ctors)

.rela.ctors
 *(.rela.ctors)

.rel.dtors
 *(.rel.dtors)

.rela.dtors
 *(.rela.dtors)

.rel.got        0x08048704       0x10
 *(.rel.got)
 .rel.got       0x08048704       0x10 /usr/lib/gcc-lib/ntox86/2.95.3/crtbeginC++.o

.rela.got
 *(.rela.got)

.rel.sdata
 *(.rel.sdata)
 *(.rel.sdata.*)
 *(.rel.gnu.linkonce.s*)

.rela.sdata
 *(.rela.sdata)
 *(.rela.sdata.*)
 *(.rela.gnu.linkonce.s*)

.rel.sbss
 *(.rel.sbss)

.rela.sbss
 *(.rela.sbss)

.rel.bss        0x08048714       0x30
 *(.rel.bss)
 .rel.bss       0x08048714       0x30 /usr/lib/gcc-lib/ntox86/2.95.3/crtbeginC++.o

.rela.bss
 *(.rela.bss)

.rel.plt        0x08048744       0xa0
 *(.rel.plt)
 .rel.plt       0x08048744       0xa0 /usr/lib/gcc-lib/ntox86/2.95.3/crtbeginC++.o

.rela.plt
 *(.rela.plt)

.init           0x080487e4        0xd
 *(.init)
 .init          0x080487e4        0x5 /usr/lib/gcc-lib/ntox86/2.95.3/crtbeginC++.o
 .init          0x080487e9        0x5 /usr/lib/gcc-lib/ntox86/2.95.3/crtendC++.o
 .init          0x080487ee        0x3 /x86/lib/crtn.o

.plt            0x080487f4      0x150
 *(.plt)
 .plt           0x080487f4      0x150 /usr/lib/gcc-lib/ntox86/2.95.3/crtbeginC++.o
                0x08048804                printf
                0x08048814                ApLinkWindow
                0x08048824                PgSetDrawBufferSize
                0x08048834                ApInitialize
                0x08048844                vsnprintf
                0x08048854                PhRectIntersect
                0x08048864                _PtSetResource
                0x08048874                write
                0x08048884                PtExit
                0x08048894                __deregister_frame_info
                0x080488a4                __get_errno_ptr
                0x080488b4                PtMessageBox
                0x080488c4                _init_libc
                0x080488d4                MsgSendv
                0x080488e4                atexit
                0x080488f4                PtMainLoop
                0x08048904                exit
                0x08048914                _PtGetResource
                0x08048924                open
                0x08048934                __register_frame_info

.text           0x08048944      0x6e4
                0x08048944                _btext=.
 *(.text)
 .text          0x08048944       0x5f /x86/lib/crt1.o
                0x0804894c                _start
 *fill*         0x080489a3        0x1 37008
 .text          0x080489a4       0xce /usr/lib/gcc-lib/ntox86/2.95.3/crtbeginC++.o
 *fill*         0x08048a72        0x2 37008
 .text          0x08048a74      0x28c Callbacks.o
                0x08048cdc                Timer(Pt_widget *, ApInfo_t *, Pt_callback_info *)
                0x08048a74                Intersection(Pt_widget *, ApInfo_t *, Pt_callback_info *)
 .text          0x08048d00       0x5d abmain.o
                0x08048d00                main
 *fill*         0x08048d5d        0x3 37008
 .text          0x08048d60      0x27a /x86/lib/libc.a(slog.o)
                0x08048f18                vslogf
                0x08048e70                slogi
                0x08048e2c                slogb
                0x08048fc0                slogf
 *fill*         0x08048fda        0x2 37008
 .text          0x08048fdc       0x4a /usr/lib/gcc-lib/ntox86/2.95.3/crtendC++.o
 *fill*         0x08049026        0x2 37008
 *(.text.*)
 *(.stub)
 *(.gnu.warning)
 *(.gnu.linkonce.t*)
                0x08049028                _etext=.
                0x08049028                PROVIDE (etext, .)

.fini           0x08049028        0x8
 *(.fini)
 .fini          0x08049028        0x5 /usr/lib/gcc-lib/ntox86/2.95.3/crtbeginC++.o
 .fini          0x0804902d        0x3 /x86/lib/crtn.o

.rodata         0x08049040      0x294
 *(.rodata)
 .rodata        0x08049040       0x83 Callbacks.o
 *fill*         0x080490c3       0x1d
 .rodata        0x080490e0      0x1e8 abmain.o
                0x080490f8                ABN_base
                0x08049100                ABN_PtRect2
                0x080490e0                ApOptions
                0x08049104                ABN_IntersectionButton
                0x080490fc                ABN_PtRect1
                0x08049108                ABN_PtMyTimer
 .rodata        0x080492c8        0xc /x86/lib/libc.a(slog.o)
 *(.rodata.*)
 *(.gnu.linkonce.r*)

.rodata1
 *(.rodata1)
                0x0804a2d4                .=(ALIGN(0x1000)+(.&0xfff))

.data           0x0804a2e0       0x64
 *(.data)
 .data          0x0804a2e0        0x8 /usr/lib/gcc-lib/ntox86/2.95.3/crtbeginC++.o
 *fill*         0x0804a2e8       0x18
 .data          0x0804a300       0x40 abmain.o
                0x0804a300                base
                0x0804a320                AbContext
 .data          0x0804a340        0x4 /x86/lib/libc.a(slog.o)
                0x0804a340                _slogfd
 *(.data.*)
 *(.gnu.linkonce.d*)

.data1
 *(.data1)

.eh_frame       0x0804a344      0x258
 *(.eh_frame)
 .eh_frame      0x0804a344      0x1d8 Callbacks.o
 .eh_frame      0x0804a51c       0x7c abmain.o
 .eh_frame      0x0804a598        0x4 /usr/lib/gcc-lib/ntox86/2.95.3/crtendC++.o

.gcc_except_table
 *(.gcc_except_table)

.ctors          0x0804a59c        0x8
 *crtbegin.o(.ctors)
 EXCLUDE_FILE ( *crtend.o)*(.ctors)
 .ctors         0x0804a59c        0x4 /usr/lib/gcc-lib/ntox86/2.95.3/crtbeginC++.o
 .ctors         0x0804a5a0        0x4 /usr/lib/gcc-lib/ntox86/2.95.3/crtendC++.o
 *(SORT(.ctors.*))
 *(.ctors)

.dtors          0x0804a5a4        0x8
 *crtbegin.o(.dtors)
 EXCLUDE_FILE ( *crtend.o)*(.dtors)
 .dtors         0x0804a5a4        0x4 /usr/lib/gcc-lib/ntox86/2.95.3/crtbeginC++.o
 .dtors         0x0804a5a8        0x4 /usr/lib/gcc-lib/ntox86/2.95.3/crtendC++.o
 *(SORT(.dtors.*))
 *(.dtors)

.got            0x0804a5ac       0x64
 *(.got.plt)
 .got.plt       0x0804a5ac       0x5c /usr/lib/gcc-lib/ntox86/2.95.3/crtbeginC++.o
                0x0804a5ac                _GLOBAL_OFFSET_TABLE_
 *(.got)
 .got           0x0804a608        0x8 /usr/lib/gcc-lib/ntox86/2.95.3/crtbeginC++.o

.dynamic        0x0804a610       0xb8
 *(.dynamic)
 .dynamic       0x0804a610       0xb8 /usr/lib/gcc-lib/ntox86/2.95.3/crtbeginC++.o
                0x0804a610                _DYNAMIC

.sdata
 *(.sdata)
 *(.sdata.*)
 *(.gnu.linkonce.s.*)
                0x0804a6c8                _edata=.
                0x0804a6c8                PROVIDE (edata, .)
                0x0804a6c8                __bss_start=.

.sbss
 *(.dynsbss)
 *(.sbss)
 *(.sbss.*)
 *(.scommon)

.bss            0x0804a6c8       0x8c
 *(.dynbss)
 .dynbss        0x0804a6c8       0x60 /usr/lib/gcc-lib/ntox86/2.95.3/crtbeginC++.o
                0x0804a6c8                PtTimer
                0x0804a6cc                errno
                0x0804a6d0                PtButton
                0x0804a6d4                PtRect
                0x0804a6d8                PtWindow
                0x0804a6e0                _Ap_
 *(.bss)
 .bss           0x0804a728       0x18 /usr/lib/gcc-lib/ntox86/2.95.3/crtbeginC++.o
 .bss           0x0804a740       0x14 abmain.o
                0x0804a740                AbWidgets
 *(.bss.*)
 *(COMMON)
                0x0804a754                .=ALIGN(0x4)
                0x0804a754                .=ALIGN(0x4)
                0x0804a754                _end=.
                0x0804a754                PROVIDE (end, .)

.stab
 *(.stab)

.stabstr
 *(.stabstr)

.stab.excl
 *(.stab.excl)

.stab.exclstr
 *(.stab.exclstr)

.stab.index
 *(.stab.index)

.stab.indexstr
 *(.stab.indexstr)

.comment        0x00000000       0xbe
 *(.comment)
 .comment       0x00000000       0x26 /usr/lib/gcc-lib/ntox86/2.95.3/crtbeginC++.o
 .comment       0x00000026       0x26 Callbacks.o
 .comment       0x0000004c       0x26 abmain.o
 .comment       0x00000072       0x26 /x86/lib/libc.a(slog.o)
 .comment       0x00000098       0x26 /usr/lib/gcc-lib/ntox86/2.95.3/crtendC++.o

.debug
 *(.debug)

.line
 *(.line)

.debug_srcinfo
 *(.debug_srcinfo)

.debug_sfnames
 *(.debug_sfnames)

.debug_aranges
 *(.debug_aranges)

.debug_pubnames
 *(.debug_pubnames)

.debug_info
 *(.debug_info)

.debug_abbrev
 *(.debug_abbrev)

.debug_line
 *(.debug_line)

.debug_frame
 *(.debug_frame)

.debug_str
 *(.debug_str)

.debug_loc
 *(.debug_loc)

.debug_macinfo
 *(.debug_macinfo)

.debug_weaknames
 *(.debug_weaknames)

.debug_funcnames
 *(.debug_funcnames)

.debug_typenames
 *(.debug_typenames)

.debug_varnames
 *(.debug_varnames)
OUTPUT(Geometry elf32-i386)

.note           0x00000000       0x64
 .note          0x00000000       0x14 /usr/lib/gcc-lib/ntox86/2.95.3/crtbeginC++.o
 .note          0x00000014       0x14 Callbacks.o
 .note          0x00000028       0x14 abmain.o
 .note          0x0000003c       0x14 /x86/lib/libc.a(slog.o)
 .note          0x00000050       0x14 /usr/lib/gcc-lib/ntox86/2.95.3/crtendC++.o
